// Jest Snapshot v1, https://goo.gl/fbAQLP

exports[`<OptionButton /> UI snapshots checkbox selected, without custom icon 1`] = `
.emotion-4 {
  border-radius: 4px;
  background-color: #ffffff;
  border: 1px solid #ededf0;
  box-shadow: 0px 8px 24px rgba(52,51,82,0.05);
  cursor: pointer;
  -webkit-transition: box-shadow 200ms;
  transition: box-shadow 200ms;
  padding: 1.5rem;
  margin-bottom: 1rem;
  width: 100%;
  text-align: left;
}

.emotion-4:hover {
  box-shadow: 0px 8px 24px rgba(52,51,82,0.10);
}

.emotion-4:focus {
  outline: none;
  box-shadow: 0px 0px 0px 2px #ffffff,0px 0px 0px 4px #332e54;
}

.emotion-3 {
  display: -webkit-box;
  display: -webkit-flex;
  display: -ms-flexbox;
  display: flex;
  -webkit-flex-flow: row nowrap;
  -ms-flex-flow: row nowrap;
  flex-flow: row nowrap;
  -webkit-box-pack: start;
  -webkit-justify-content: flex-start;
  -ms-flex-pack: start;
  justify-content: flex-start;
  -webkit-align-items: center;
  -webkit-box-align: center;
  -ms-flex-align: center;
  align-items: center;
}

.emotion-0 {
  border: 1px solid;
  border-color: #332e54;
  background: #ffffff;
  width: 32px;
  height: 32px;
  display: -webkit-box;
  display: -webkit-flex;
  display: -ms-flexbox;
  display: flex;
  -webkit-flex-flow: row nowrap;
  -ms-flex-flow: row nowrap;
  flex-flow: row nowrap;
  -webkit-flex: 0 0 auto;
  -ms-flex: 0 0 auto;
  flex: 0 0 auto;
  -webkit-box-pack: center;
  -webkit-justify-content: center;
  -ms-flex-pack: center;
  justify-content: center;
  -webkit-align-items: center;
  -webkit-box-align: center;
  -ms-flex-align: center;
  align-items: center;
  -webkit-transition: all 350ms;
  transition: all 350ms;
  border-radius: 4px;
  background: #332e54;
  border-color: #332e54;
}

.emotion-0 svg {
  opacity: 0;
  -webkit-transition: all 350ms;
  transition: all 350ms;
}

.emotion-0 svg {
  opacity: 1;
  color: #ffffff;
  fill: #ffffff;
}

.emotion-2 {
  margin-left: 1rem;
}

.emotion-1 {
  color: #524D6E;
  line-height: 1.5;
}

<button
  className="emotion-4"
  onClick={[Function]}
  role="checkbox"
  type="button"
>
  <div
    className="emotion-3"
  >
    <div
      className="emotion-0"
      selected={true}
    >
      <svg
        height={16}
        width={16}
      />
    </div>
    <div
      className="emotion-2"
    >
      <div
        className="emotion-1"
      >
        checkbox text
      </div>
    </div>
  </div>
</button>
`;

exports[`<OptionButton /> UI snapshots radio unselected, with icon node prop 1`] = `
.emotion-4 {
  border-radius: 4px;
  background-color: #ffffff;
  border: 1px solid #ededf0;
  box-shadow: 0px 8px 24px rgba(52,51,82,0.05);
  cursor: pointer;
  -webkit-transition: box-shadow 200ms;
  transition: box-shadow 200ms;
  padding: 1.5rem;
  margin-bottom: 1rem;
  width: 100%;
  text-align: left;
}

.emotion-4:hover {
  box-shadow: 0px 8px 24px rgba(52,51,82,0.10);
}

.emotion-4:focus {
  outline: none;
  box-shadow: 0px 0px 0px 2px #ffffff,0px 0px 0px 4px #332e54;
}

.emotion-3 {
  display: -webkit-box;
  display: -webkit-flex;
  display: -ms-flexbox;
  display: flex;
  -webkit-flex-flow: row nowrap;
  -ms-flex-flow: row nowrap;
  flex-flow: row nowrap;
  -webkit-box-pack: start;
  -webkit-justify-content: flex-start;
  -ms-flex-pack: start;
  justify-content: flex-start;
  -webkit-align-items: center;
  -webkit-box-align: center;
  -ms-flex-align: center;
  align-items: center;
}

.emotion-2 {
  margin-left: 1rem;
}

.emotion-1 {
  color: #524D6E;
  line-height: 1.5;
}

.emotion-0 {
  border: 1px solid;
  border-color: #332e54;
  background: #ffffff;
  width: 32px;
  height: 32px;
  display: -webkit-box;
  display: -webkit-flex;
  display: -ms-flexbox;
  display: flex;
  -webkit-flex-flow: row nowrap;
  -ms-flex-flow: row nowrap;
  flex-flow: row nowrap;
  -webkit-flex: 0 0 auto;
  -ms-flex: 0 0 auto;
  flex: 0 0 auto;
  -webkit-box-pack: center;
  -webkit-justify-content: center;
  -ms-flex-pack: center;
  justify-content: center;
  -webkit-align-items: center;
  -webkit-box-align: center;
  -ms-flex-align: center;
  align-items: center;
  -webkit-transition: all 350ms;
  transition: all 350ms;
  border-radius: 50%;
  width: 48px;
  height: 48px;
}

.emotion-0 svg {
  opacity: 0;
  -webkit-transition: all 350ms;
  transition: all 350ms;
}

.emotion-0 svg {
  opacity: 1;
  color: #332e54;
  fill: #332e54;
}

<button
  className="emotion-4"
  onClick={[Function]}
  role="radio"
  type="button"
>
  <div
    className="emotion-3"
  >
    <div
      className="emotion-0"
      selected={false}
    >
      <svg />
    </div>
    <div
      className="emotion-2"
    >
      <div
        className="emotion-1"
      >
        radio text
      </div>
    </div>
  </div>
</button>
`;
