// Jest Snapshot v1, https://goo.gl/fbAQLP

exports[`<Toggle /> UI snapshot renders the component 1`] = `
.emotion-2 {
  position: relative;
  display: -webkit-box;
  display: -webkit-flex;
  display: -ms-flexbox;
  display: flex;
  -webkit-flex-flow: row nowrap;
  -ms-flex-flow: row nowrap;
  flex-flow: row nowrap;
  -webkit-box-pack: justify;
  -webkit-justify-content: space-between;
  -ms-flex-pack: justify;
  justify-content: space-between;
  -webkit-align-items: center;
  -webkit-box-align: center;
  -ms-flex-align: center;
  align-items: center;
  width: 100%;
  padding: 1rem 0;
}

.emotion-2 > input {
  display: none;
}

.emotion-0 {
  color: #524D6E;
  margin: 0;
  font-size: 1rem;
  line-height: 1.5rem;
  text-align: left;
  cursor: pointer;
  -webkit-user-select: none;
  -moz-user-select: none;
  -ms-user-select: none;
  user-select: none;
  margin-right: 0.5rem;
}

.emotion-1 > div:first-of-type > input:focus {
  box-shadow: 0px 0px 0px 2px #ffffff,0px 0px 0px 4px #332e54;
  outline: none;
  border-radius: 12px;
}

<div
  className="emotion-2"
>
  <span
    className="emotion-0"
    onClick={[Function]}
  >
    Label Text
  </span>
  <div
    className="emotion-1"
  >
    <div
      onClick={[Function]}
      onMouseOut={[Function]}
      onMouseOver={[Function]}
      style={
        Object {
          "KhtmlUserSelect": "none",
          "MozUserSelect": "none",
          "WebkitTapHighlightColor": "transparent",
          "WebkitTouchCallout": "none",
          "WebkitUserSelect": "none",
          "alignItems": "center",
          "backgroundColor": "transparent",
          "border": 0,
          "cursor": "pointer",
          "display": "flex",
          "justifyContent": "flex-start",
          "msUserSelect": "none",
          "padding": 0,
          "position": "relative",
          "userSelect": "none",
          "width": 52,
        }
      }
    >
      <div
        style={
          Object {
            "alignItems": "center",
            "backgroundColor": "rgb(225,224,230)",
            "borderRadius": 100,
            "display": "flex",
            "height": 24,
            "justifyContent": "center",
            "padding": 0,
            "width": 40,
          }
        }
      >
        <div
          style={
            Object {
              "alignItems": "center",
              "color": "#FAFAFA",
              "display": "flex",
              "fontFamily": "'Helvetica Neue', Helvetica, sans-serif",
              "fontSize": 11,
              "height": 20,
              "justifyContent": "center",
              "left": 4,
              "lineHeight": 0,
              "marginBottom": "auto",
              "marginTop": "auto",
              "opacity": 0,
              "position": "relative",
              "width": 26,
            }
          }
        >
          
        </div>
        <div
          style={
            Object {
              "alignItems": "center",
              "bottom": "0px",
              "color": "rgba(255,255,255,0.6)",
              "display": "flex",
              "fontFamily": "'Helvetica Neue', Helvetica, sans-serif",
              "fontSize": 11,
              "height": 20,
              "justifyContent": "center",
              "lineHeight": 0,
              "marginBottom": "auto",
              "marginTop": "auto",
              "opacity": 1,
              "paddingRight": 5,
              "position": "relative",
              "width": 26,
            }
          }
        >
          
        </div>
      </div>
      <div
        style={
          Object {
            "alignItems": "center",
            "alignSelf": "stretch",
            "display": "flex",
            "flex": 1,
            "height": "100%",
            "justifyContent": "flex-start",
            "left": 0,
            "position": "absolute",
            "top": 0,
          }
        }
      >
        <div
          style={
            Object {
              "MozBoxSizing": "border-box",
              "WebkitBoxSizing": "border-box",
              "alignSelf": "center",
              "background": "#ffffff",
              "backgroundColor": "rgb(255,255,255)",
              "border": "1px solid #ededf0",
              "borderRadius": "50%",
              "boxShadow": "none",
              "boxSizing": "border-box",
              "display": "flex",
              "height": 22,
              "left": 1,
              "position": "relative",
              "width": 22,
            }
          }
        />
      </div>
      <input
        onClick={[Function]}
        style={
          Object {
            "height": "24px",
            "margin": "0",
            "position": "absolute",
            "width": "40px",
          }
        }
        type="checkbox"
        value={false}
      />
    </div>
  </div>
</div>
`;
