// Jest Snapshot v1, https://goo.gl/fbAQLP

exports[`<TextButton /> UI snapshots renders with disabled prop 1`] = `
.emotion-0 {
  -webkit-align-items: center;
  -webkit-box-align: center;
  -ms-flex-align: center;
  align-items: center;
  display: -webkit-box;
  display: -webkit-flex;
  display: -ms-flexbox;
  display: flex;
  height: 100%;
  -webkit-box-pack: center;
  -webkit-justify-content: center;
  -ms-flex-pack: center;
  justify-content: center;
  padding: 1rem 0;
  -webkit-transition: -webkit-transform 350ms;
  -webkit-transition: transform 350ms;
  transition: transform 350ms;
  width: 100%;
  -webkit-transform: translateX(0);
  -ms-transform: translateX(0);
  transform: translateX(0);
}

.emotion-0 > svg {
  opacity: 1;
  -webkit-transition: opacity 350ms;
  transition: opacity 350ms;
  margin-right: 1rem;
  margin-top: -5px;
}

.emotion-1 {
  border-color: transparent;
  background-color: transparent;
  border-radius: 0.25rem;
  color: #c3c0cd;
  cursor: not-allowed;
}

.emotion-1:hover {
  opacity: 0.8;
  background-color: transparent;
}

.emotion-1:active,
.emotion-1:focus {
  outline: none;
  box-shadow: 0px 0px 0px 2px #ffffff,0px 0px 0px 4px #332e54;
}

<button
  className="emotion-1"
  disabled={true}
  onClick={[Function]}
>
  <div
    className="emotion-0"
  >
    Disabled Button Text
  </div>
</button>
`;

exports[`<TextButton /> UI snapshots renders without any props 1`] = `
.emotion-1 {
  border-color: transparent;
  background-color: transparent;
  border-radius: 0.25rem;
  color: #332e54;
  cursor: pointer;
}

.emotion-1:hover {
  opacity: 0.8;
  background-color: transparent;
}

.emotion-1:active,
.emotion-1:focus {
  outline: none;
  box-shadow: 0px 0px 0px 2px #ffffff,0px 0px 0px 4px #332e54;
}

.emotion-0 {
  -webkit-align-items: center;
  -webkit-box-align: center;
  -ms-flex-align: center;
  align-items: center;
  display: -webkit-box;
  display: -webkit-flex;
  display: -ms-flexbox;
  display: flex;
  height: 100%;
  -webkit-box-pack: center;
  -webkit-justify-content: center;
  -ms-flex-pack: center;
  justify-content: center;
  padding: 1rem 0;
  -webkit-transition: -webkit-transform 350ms;
  -webkit-transition: transform 350ms;
  transition: transform 350ms;
  width: 100%;
  -webkit-transform: translateX(0);
  -ms-transform: translateX(0);
  transform: translateX(0);
}

.emotion-0 > svg {
  opacity: 1;
  -webkit-transition: opacity 350ms;
  transition: opacity 350ms;
  margin-right: 1rem;
  margin-top: -5px;
}

<button
  className="emotion-1"
  disabled={false}
  onClick={[Function]}
>
  <div
    className="emotion-0"
  >
    Button Text
  </div>
</button>
`;
