// Jest Snapshot v1, https://goo.gl/fbAQLP

exports[`<VerificationMessages /> UI snapshot renders with default props and some messages 1`] = `
.emotion-4 {
  list-style-type: none;
  margin: 0;
}

.emotion-0 {
  color: #706D87;
  font-size: 0.875rem;
  line-height: 1.71;
  color: #BD200F;
  line-height: 24px;
}

.emotion-0:last-of-type {
  margin: 0 0 0.125rem 0;
}

<ul
  className="emotion-4"
>
  <li
    className="emotion-0"
    style={
      Object {
        "maxHeight": "48px",
        "opacity": "1",
        "transitionDuration": "350ms",
        "transitionProperty": "max-height, opacity",
        "transitionTimingFunction": "ease-in-out",
      }
    }
    type="error"
  >
    <strong>
      Uh oh!
    </strong>
     This field is required
  </li>
  <li
    className="emotion-0"
    style={
      Object {
        "maxHeight": "48px",
        "opacity": "1",
        "transitionDuration": "350ms",
        "transitionProperty": "max-height, opacity",
        "transitionTimingFunction": "ease-in-out",
      }
    }
    type="error"
  >
    <strong>
      Uh oh!
    </strong>
     Must be at least 3 characters
  </li>
  <li
    className="emotion-0"
    style={
      Object {
        "maxHeight": "48px",
        "opacity": "1",
        "transitionDuration": "350ms",
        "transitionProperty": "max-height, opacity",
        "transitionTimingFunction": "ease-in-out",
      }
    }
    type="error"
  >
    Must contain 1 number
    , 
    Must contain 1 symbol
  </li>
  <li
    className="emotion-0"
    style={
      Object {
        "maxHeight": "48px",
        "opacity": "1",
        "transitionDuration": "350ms",
        "transitionProperty": "max-height, opacity",
        "transitionTimingFunction": "ease-in-out",
      }
    }
    type="error"
  >
    <strong>
      1
    </strong>
     one
    , 
    <strong>
      2
    </strong>
     two
  </li>
</ul>
`;

exports[`<VerificationMessages /> UI snapshot renders with non-default props 1`] = `
.emotion-1 {
  list-style-type: none;
  margin: 0;
  text-align: center;
}

.emotion-0 {
  color: #706D87;
  font-size: 0.875rem;
  line-height: 1.71;
  color: #2B6E33;
  line-height: 24px;
}

.emotion-0:last-of-type {
  margin: 0 0 0.125rem 0;
}

<ul
  className="emotion-1"
>
  <li
    className="emotion-0"
    style={
      Object {
        "maxHeight": "48px",
        "opacity": "1",
        "transitionDuration": "350ms",
        "transitionProperty": "max-height, opacity",
        "transitionTimingFunction": "ease-in-out",
      }
    }
    type="success"
  >
    <strong>
      Congrats!
    </strong>
     Your app was approved
  </li>
</ul>
`;
