// Jest Snapshot v1, https://goo.gl/fbAQLP

exports[`<Tooltip /> UI snapshot renders content and children 1`] = `
.emotion-4 {
  position: relative;
  -webkit-align-items: left;
  -webkit-box-align: left;
  -ms-flex-align: left;
  align-items: left;
  -webkit-flex-direction: column-reverse;
  -ms-flex-direction: column-reverse;
  flex-direction: column-reverse;
}

.emotion-0 {
  cursor: pointer;
}

.emotion-3 {
  max-width: none;
  top: 120%;
  background: #332e54;
  box-shadow: 0px 8px 24px rgba(51,46,84,0.05);
  border-radius: 0.5rem;
  color: #ffffff;
  min-width: 100px;
  opacity: 0;
  padding: 1rem;
  pointer-events: none;
  position: absolute;
  -webkit-transform: translateY(-8px);
  -ms-transform: translateY(-8px);
  transform: translateY(-8px);
  -webkit-transition-delay: 30ms;
  transition-delay: 30ms;
  -webkit-transition-timing-function: ease-in-out;
  transition-timing-function: ease-in-out;
  -webkit-transition: 350ms;
  transition: 350ms;
  z-index: 5;
  text-align: left;
  font-size: 0.875rem;
  display: block;
}

.emotion-1 {
  z-index: 5;
  position: relative;
}

.emotion-2 {
  position: absolute;
  z-index: 4;
  top: -8px;
  -webkit-transform: rotate(180deg);
  -ms-transform: rotate(180deg);
  transform: rotate(180deg);
  left: 50%;
  margin-left: -10px;
}

<div>
  <div
    className="emotion-4"
  >
    <div
      className="emotion-0"
      onClick={[Function]}
      onMouseEnter={[Function]}
      onMouseLeave={[Function]}
    >
      Tooltip Trigger
    </div>
    <div
      className="emotion-3"
      open={false}
    >
      <div
        className="emotion-1"
      >
        Tooltip Content
      </div>
      <div
        className="emotion-2"
      >
        <svg
          fill="#332e54"
          height={16}
          width={16}
        />
      </div>
    </div>
  </div>
</div>
`;
