// Jest Snapshot v1, https://goo.gl/fbAQLP

exports[`<MobileDropdown /> UI snapshots renders correctly 1`] = `
.emotion-2 {
  position: relative;
  width: 100%;
  text-align: left;
}

.emotion-2 > div:first-of-type:focus {
  outline: none;
}

.emotion-0 {
  -webkit-appearance: none;
  -moz-appearance: none;
  appearance: none;
  box-shadow: 0px 8px 24px rgba(52,51,82,0.05);
  background: #ffffff;
  background-image: none;
  width: 100%;
  min-height: 3.5rem;
  max-height: 3.5rem;
  border: 1px solid #ededf0;
  border-radius: 4px;
  color: #524D6E;
  line-height: 3.5rem;
  overflow: hidden;
  text-overflow: ellipsis;
  white-space: nowrap;
  padding: 0 2rem 0 1rem;
  text-align: left;
  text-align-last: left;
  -webkit-transition: 200ms ease-in-out;
  transition: 200ms ease-in-out;
  cursor: pointer;
}

.emotion-0:hover {
  box-shadow: 0px 8px 24px rgba(52,51,82,0.10);
  -webkit-transition: 200ms ease-in-out;
  transition: 200ms ease-in-out;
}

.emotion-0:focus {
  outline: none;
  box-shadow: 0px 8px 24px rgba(52,51,82,0.10);
  -webkit-transition: 200ms ease-in-out;
  transition: 200ms ease-in-out;
}

.emotion-0::-moz-focus-inner {
  border: 0;
}

.emotion-1 {
  position: absolute;
  right: 0;
  top: 0;
  bottom: 0;
  width: 1.5rem;
  height: 100%;
  display: -webkit-box;
  display: -webkit-flex;
  display: -ms-flexbox;
  display: flex;
  -webkit-align-items: center;
  -webkit-box-align: center;
  -ms-flex-align: center;
  align-items: center;
  -webkit-box-pack: start;
  -webkit-justify-content: start;
  -ms-flex-pack: start;
  justify-content: start;
}

.emotion-1:hover {
  cursor: pointer;
}

.emotion-1 svg {
  -webkit-transition: -webkit-transform 350ms ease-in-out;
  -webkit-transition: transform 350ms ease-in-out;
  transition: transform 350ms ease-in-out;
}

<div
  className="emotion-2"
>
  <select
    className="emotion-0"
    onChange={[Function]}
    value=""
  >
    <option
      value="test1"
    >
      Test1
    </option>
    <option
      value="test2"
    >
      Test2
    </option>
    <option
      value="test3"
    >
      Test3
    </option>
  </select>
  <div
    className="emotion-1"
  >
    <svg
      height={10}
      width={10}
    />
  </div>
</div>
`;
